// Jest Snapshot v1, https://goo.gl/fbAQLP

exports[`renders ./components/icon/demo/basic.md correctly 1`] = `
<div
  class="icons-list"
>
  <i
    class="m-icon m-icon-home"
  >
    <svg
      aria-hidden="true"
      class=""
      data-icon="home"
      fill="currentColor"
      height="1em"
      viewBox="0 0 1024 1024"
      width="1em"
      xmlns="http://www.w3.org/2000/svg"
    >
      <path
        d="M932.4 442.2L560.3 84.1c-27.4-24.8-69.1-24.8-96.5 0L91.6 442.2c-14.8 13.3-15.9 36-2.6 50.8 13.3 14.8 36.1 15.9 50.8 2.6L512 137.5l372.2 358.1c14.8 13.3 37.5 12.2 50.8-2.6 13.3-14.8 12.2-37.5-2.6-50.8zM833 575c-19.9 0-36 16.1-36 36v277H654V648c0-39.8-32.2-72-72-72H442c-39.8 0-72 32.2-72 72v240H227V611c0-19.9-16.1-36-36-36s-36 16.1-36 36v277c0 39.8 32.2 72 72 72h570c39.8 0 72-32.2 72-72V611c0-19.9-16.1-36-36-36zm-391 73h140v240H442V648z"
      />
    </svg>
  </i>
  <i
    class="m-icon m-icon-setting"
  >
    <svg
      aria-hidden="true"
      class=""
      data-icon="setting"
      fill="currentColor"
      height="1em"
      viewBox="0 0 1024 1024"
      width="1em"
      xmlns="http://www.w3.org/2000/svg"
    >
      <path
        d="M961.8 439.6l-3.8-24-73.3-24.5c-6.4-19.8-14.4-39.2-23.9-57.7l34.6-69.1-14.2-19.8c-28.8-39.3-63.2-73.7-102.3-102.1l-19.7-14.2-69.1 34.6c-18.6-9.5-37.9-17.5-57.7-23.9L608 65.8l-23.8-3.7c-26.5-4.2-49.4-6.2-72.2-6.2-22.2 0-45.2 2-72.3 6.3l-24 3.8-24.4 73.4c-20.2 6.6-39.6 14.6-57.7 23.8l-69-34.7-19.7 14.2c-39.2 28.4-73.6 62.7-102.2 102.1l-14.2 19.8 34.6 69.1c-9.4 18.5-17.4 37.8-23.8 57.6L66 415.6l-3.8 24C58 466.1 56 489.7 56 512c0 22.4 2 46 6.2 72.3l3.8 24 73.3 24.5c6.4 19.8 14.4 39.2 23.9 57.7l-34.4 68.9L143 779c14.8 20.6 30.1 38.7 46.7 55.4 15.5 15.6 33.6 30.9 55.3 46.8l19.7 14.2 69-34.6c18.6 9.5 37.9 17.6 57.7 23.9l24.4 73.4 24 3.8c26.3 4.2 49.9 6.2 72.2 6.2 22.3 0 45.9-2 72.3-6.2l24-3.8 24.4-73.4c19.6-6.4 38.9-14.4 57.6-23.8l69.1 34.6 19.7-14.2c21.5-15.5 39.6-30.8 55.3-46.8 16.3-16.3 31.5-34.5 46.7-55.4l14.2-19.8-34.6-69.1c9.5-18.5 17.5-37.8 23.9-57.7l73.3-24.5 3.8-24c4.2-26.3 6.2-49.9 6.2-72.2.3-22.1-1.7-45.8-6.1-72.2zm-65.5 71.6v.5c0 13.5-.9 27.2-2.6 41.9l-35.4 11.8L827 576l-9.7 31.5c-5.5 18.2-12.8 35.9-21.7 52.7l-15.4 29.1 31.4 62.7c-9.2 11.6-18.3 21.9-27.8 31.4l-.2.2c-9.3 9.4-19.6 18.5-31.2 27.6l-62.5-31.3-29 15.1c-17.1 8.9-35.1 16.3-53.4 22.1l-31.3 9.8-10.2 31-11.8 35.4c-14.6 1.8-28.4 2.6-41.9 2.6-13.4 0-27.2-.9-41.9-2.6l-11.8-35.4-10.3-31.3-31.5-9.7c-18.6-5.7-36.3-13-52.7-21.7L334.9 780l-29.5 14.7-33.3 16.6c-11.6-9.2-21.9-18.3-31.4-27.8-9.7-9.7-18.8-20-27.8-31.4l31.2-62.5-15.2-29c-9.1-17.4-16.5-35.2-21.9-53l-9.7-31.5-66.6-22.1c-1.8-14.6-2.6-28.4-2.6-41.9s.9-27.2 2.6-41.9l66.4-22.1 9.7-31.4c5.6-18.1 13-36 21.9-53.2l15.2-29-14.6-29.3-16.6-33.3c17.5-21.8 37.4-41.7 59.2-59.2l62.6 31.3 29.1-15.3c16.8-8.8 34.7-16.2 53.2-22l31.3-9.8 10.4-31.1 11.8-35.4c15.1-1.7 28.8-2.6 41.8-2.6 13.4 0 27.2.9 41.8 2.6l22.2 66.3 31.3 9.7c18.2 5.7 36.1 13.1 53.2 21.9l29 15.2 62.5-31.3c21.8 17.5 41.8 37.4 59.5 59.3L780.4 334l15 28.9c8.9 17.2 16.4 35.2 22.1 53.5l9.8 31.3 31.1 10.4 35.4 11.8c1.9 15 2.7 28.5 2.5 41.3z"
      />
      <path
        d="M512.2 337.7c-96.1 0-174.3 78.2-174.3 174.3 0 96.1 78.2 174.3 174.3 174.3 96.1 0 174.3-78.2 174.3-174.3 0-96.1-78.2-174.3-174.3-174.3zm72.3 246.6c-19.3 19.3-45 30-72.3 30-27.3 0-53-10.6-72.3-30-19.3-19.3-30-45-30-72.3 0-27.3 10.6-53 30-72.3 19.3-19.3 45-30 72.3-30s53 10.6 72.3 30 30 45 30 72.3-10.7 53-30 72.3z"
      />
    </svg>
  </i>
  <i
    class="m-icon m-icon-smile-o"
  >
    <svg
      aria-hidden="true"
      class=""
      data-icon="smile-o"
      fill="currentColor"
      height="1em"
      viewBox="0 0 1024 1024"
      width="1em"
      xmlns="http://www.w3.org/2000/svg"
    >
      <path
        d="M512 0C229.2 0 0 229.2 0 512s229.2 512 512 512 512-229.2 512-512S794.8 0 512 0zm311.1 823.1c-40.4 40.4-87.5 72.2-139.9 94.3C629 940.4 571.4 952 512 952s-117-11.6-171.2-34.5c-52.4-22.2-99.4-53.9-139.9-94.3-40.4-40.4-72.2-87.5-94.3-139.9C83.6 629 72 571.4 72 512s11.6-117 34.5-171.2c22.2-52.4 53.9-99.4 94.3-139.9 40.4-40.4 87.5-72.2 139.9-94.3C395 83.6 452.6 72 512 72s117 11.6 171.2 34.5c52.4 22.2 99.4 53.9 139.9 94.3 40.4 40.4 72.2 87.5 94.3 139.9C940.4 395 952 452.6 952 512s-11.6 117-34.5 171.2c-22.2 52.4-53.9 99.5-94.4 139.9z"
      />
      <path
        d="M640.3 565.2c-19.9 0-36 16.1-36 36 0 50.9-41.4 92.3-92.3 92.3s-92.3-41.4-92.3-92.3c0-19.9-16.1-36-36-36s-36 16.1-36 36c0 90.6 73.7 164.3 164.3 164.3s164.3-73.7 164.3-164.3c0-19.9-16.1-36-36-36zM194.2 382.4a60 60 0 1 0 120 0 60 60 0 1 0-120 0zM709.5 382.4a60 60 0 1 0 120 0 60 60 0 1 0-120 0z"
      />
    </svg>
  </i>
  <i
    class="m-icon m-icon-sync"
  >
    <svg
      aria-hidden="true"
      class="m-icon-spin"
      data-icon="sync"
      fill="currentColor"
      height="1em"
      viewBox="0 0 1024 1024"
      width="1em"
      xmlns="http://www.w3.org/2000/svg"
    >
      <path
        d="M989.3 512.1c-19.8-1.5-37.1 13.4-38.6 33.2-8.3 110.4-57.6 212.9-138.8 288.6C730.2 910.1 623.7 952 512 952c-87 0-171.1-25.3-243.2-73.3C205.4 836.6 154.3 779.3 120 712h100c19.9 0 36-16.1 36-36s-16.1-36-36-36H36c-19.9 0-36 16.1-36 36v184c0 19.9 16.1 36 36 36s36-16.1 36-36v-86c39.1 65.7 92.6 121.9 156.9 164.7 84 55.8 181.8 85.3 283.1 85.3 130 0 254-48.8 349-137.4 94.6-88.1 151.9-207.4 161.5-335.9 1.5-19.8-13.3-37.1-33.2-38.6zM988 128c-19.9 0-36 16.1-36 36v86c-39.1-65.7-92.6-121.9-157-164.7C711.1 29.5 613.2 0 512 0 382 0 258 48.8 163 137.4 68.4 225.5 11.1 344.8 1.4 473.3c-1.5 19.8 13.4 37.1 33.2 38.6.9.1 1.8.1 2.7.1 18.7 0 34.4-14.4 35.9-33.3 8.3-110.4 57.6-212.9 138.8-288.6C293.8 113.9 400.3 72 512 72c87 0 171.1 25.3 243.2 73.3C818.6 187.4 869.7 244.7 904 312H804c-19.9 0-36 16.1-36 36s16.1 36 36 36h184c19.9 0 36-16.1 36-36V164c0-19.9-16.1-36-36-36z"
      />
    </svg>
  </i>
  <i
    class="m-icon m-icon-loading"
  >
    <svg
      aria-hidden="true"
      class="m-icon-spin"
      data-icon="loading"
      fill="currentColor"
      height="1em"
      viewBox="0 0 1024 1024"
      width="1em"
      xmlns="http://www.w3.org/2000/svg"
    >
      <path
        d="M512 1024c-69.1 0-136.2-13.5-199.3-40.2C251.7 958 197 921 150 874c-47-47-84-101.7-109.8-162.7C13.5 648.2 0 581.1 0 512c0-19.9 16.1-36 36-36s36 16.1 36 36c0 59.4 11.6 117 34.6 171.3 22.2 52.4 53.9 99.5 94.3 139.9 40.4 40.4 87.5 72.2 139.9 94.3C395 940.4 452.6 952 512 952c59.4 0 117-11.6 171.3-34.6 52.4-22.2 99.5-53.9 139.9-94.3 40.4-40.4 72.2-87.5 94.3-139.9C940.4 629 952 571.4 952 512c0-59.4-11.6-117-34.6-171.3-22.2-52.4-53.9-99.4-94.3-139.9-40.4-40.4-87.5-72.2-139.9-94.3C629 83.6 571.4 72 512 72c-19.9 0-36-16.1-36-36s16.1-36 36-36c69.1 0 136.2 13.5 199.3 40.2C772.3 66 827 103 874 150c47 47 83.9 101.8 109.7 162.7 26.7 63.1 40.2 130.2 40.2 199.3s-13.5 136.2-40.2 199.3C958 772.3 921 827 874 874c-47 47-101.8 83.9-162.7 109.7-63.1 26.8-130.2 40.3-199.3 40.3z"
      />
    </svg>
  </i>
</div>
`;

exports[`renders ./components/icon/demo/custom.md correctly 1`] = `
<div
  class="icons-list"
>
  <i
    class="m-icon"
    style="color:hotpink"
  >
    <svg
      fill="currentColor"
      height="1em"
      viewBox="0 0 1024 1024"
      width="1em"
    >
      <path
        d="M923 283.6c-13.4-31.1-32.6-58.9-56.9-82.8-24.3-23.8-52.5-42.4-84-55.5-32.5-13.5-66.9-20.3-102.4-20.3-49.3 0-97.4 13.5-139.2 39-10 6.1-19.5 12.8-28.5 20.1-9-7.3-18.5-14-28.5-20.1-41.8-25.5-89.9-39-139.2-39-35.5 0-69.9 6.8-102.4 20.3-31.4 13-59.7 31.7-84 55.5-24.4 23.9-43.5 51.7-56.9 82.8-13.9 32.3-21 66.6-21 101.9 0 33.3 6.8 68 20.3 103.3 11.3 29.5 27.5 60.1 48.2 91 32.8 48.9 77.9 99.9 133.9 151.6 92.8 85.7 184.7 144.9 188.6 147.3l23.7 15.2c10.5 6.7 24 6.7 34.5 0l23.7-15.2c3.9-2.5 95.7-61.6 188.6-147.3 56-51.7 101.1-102.7 133.9-151.6 20.7-30.9 37-61.5 48.2-91 13.5-35.3 20.3-70 20.3-103.3 0.1-35.3-7-69.6-20.9-101.9z"
      />
    </svg>
  </i>
  <i
    class="m-icon"
    style="font-size:32px"
  >
    <svg
      fill="currentColor"
      height="1em"
      viewBox="0 0 1024 1024"
      width="1em"
    >
      <path
        d="M99.096 315.634s-82.58-64.032-82.58-132.13c0-66.064 33.032-165.162 148.646-148.646 83.37 11.91 99.096 165.162 99.096 165.162l-165.162 115.614zM924.906 315.634s82.58-64.032 82.58-132.13c0-66.064-33.032-165.162-148.646-148.646-83.37 11.91-99.096 165.162-99.096 165.162l165.162 115.614z"
        fill="#6B676E"
        p-id="1143"
      />
      <path
        d="M1024 561.548c0 264.526-229.23 429.42-512.002 429.42S0 826.076 0 561.548 283.96 66.064 512.002 66.064 1024 297.022 1024 561.548z"
        fill="#FFEBD2"
        p-id="1144"
      />
      <path
        d="M330.324 842.126c0 82.096 81.34 148.646 181.678 148.646s181.678-66.55 181.678-148.646H330.324z"
        fill="#E9D7C3"
        p-id="1145"
      />
      <path
        d="M644.13 611.098C594.582 528.516 561.55 512 512.002 512c-49.548 0-82.58 16.516-132.13 99.096-42.488 70.814-78.73 211.264-49.548 247.742 66.064 82.58 165.162 33.032 181.678 33.032 16.516 0 115.614 49.548 181.678-33.032 29.18-36.476-7.064-176.93-49.55-247.74z"
        fill="#FFFFFF"
        p-id="1146"
      />
      <path
        d="M611.098 495.484c0-45.608 36.974-82.58 82.58-82.58 49.548 0 198.194 99.098 198.194 165.162s-79.934 144.904-148.646 99.096c-49.548-33.032-132.128-148.646-132.128-181.678zM412.904 495.484c0-45.608-36.974-82.58-82.58-82.58-49.548 0-198.194 99.098-198.194 165.162s79.934 144.904 148.646 99.096c49.548-33.032 132.128-148.646 132.128-181.678z"
        fill="#6B676E"
        p-id="1147"
      />
      <path
        d="M512.002 726.622c-30.06 0-115.614 5.668-115.614 33.032 0 49.638 105.484 85.24 115.614 82.58 10.128 2.66 115.614-32.944 115.614-82.58-0.002-27.366-85.556-33.032-115.614-33.032z"
        fill="#464655"
        p-id="1148"
      />
      <path
        d="M330.324 495.484m-33.032 0a33.032 33.032 0 1 0 66.064 0 33.032 33.032 0 1 0-66.064 0Z"
        fill="#464655"
        p-id="1149"
      />
      <path
        d="M693.678 495.484m-33.032 0a33.032 33.032 0 1 0 66.064 0 33.032 33.032 0 1 0-66.064 0Z"
        fill="#464655"
        p-id="1150"
      />
    </svg>
  </i>
</div>
`;

exports[`renders ./components/icon/demo/iconfont.md correctly 1`] = `
<div
  class="icons-list"
>
  <i
    class="m-icon m-icon-icon-tuichu"
  >
    <svg
      aria-hidden="true"
      class=""
      fill="currentColor"
      height="1em"
      width="1em"
    >
      <use
        href="#icon-tuichu"
      />
    </svg>
  </i>
  <i
    class="m-icon m-icon-icon-facebook"
  >
    <svg
      aria-hidden="true"
      class=""
      fill="currentColor"
      height="1em"
      width="1em"
    >
      <use
        href="#icon-facebook"
      />
    </svg>
  </i>
  <i
    class="m-icon m-icon-icon-twitter"
  >
    <svg
      aria-hidden="true"
      class=""
      fill="currentColor"
      height="1em"
      width="1em"
    >
      <use
        href="#icon-twitter"
      />
    </svg>
  </i>
</div>
`;
