// Jest Snapshot v1, https://goo.gl/fbAQLP

exports[`renders ./components/stepper/demo/basic.md correctly 1`] = `
<div
  class="m-list"
>
  <div
    class="m-list-body"
  >
    <div
      class="m-list-item m-list-item-right"
    >
      <div
        class="m-list-item-inner"
      >
        <div
          class="m-list-item-label"
        >
          <div
            class="m-list-item-title"
          >
            禁用
          </div>
        </div>
        <div
          class="m-list-item-content"
        >
          <div
            class="m-stepper m-stepper-disabled"
          >
            <div
              class="m-stepper-button m-stepper-button-reduce"
            />
            <div
              class="m-stepper-number"
            >
              <input
                max="9007199254740991"
                min="-9007199254740991"
                readonly=""
                step="1"
                type="number"
                value="2"
              />
            </div>
            <div
              class="m-stepper-button m-stepper-button-add"
            />
          </div>
        </div>
      </div>
    </div>
    <div
      class="m-list-item m-list-item-right"
    >
      <div
        class="m-list-item-inner"
      >
        <div
          class="m-list-item-label"
        >
          <div
            class="m-list-item-title"
          >
            只读
          </div>
        </div>
        <div
          class="m-list-item-content"
        >
          <div
            class="m-stepper"
          >
            <div
              class="m-stepper-button m-stepper-button-reduce"
            />
            <div
              class="m-stepper-number"
            >
              <input
                max="9007199254740991"
                min="-9007199254740991"
                readonly=""
                step="1"
                type="number"
                value="0"
              />
            </div>
            <div
              class="m-stepper-button m-stepper-button-add"
            />
          </div>
        </div>
      </div>
    </div>
    <div
      class="m-list-item m-list-item-right"
    >
      <div
        class="m-list-item-inner"
      >
        <div
          class="m-list-item-label"
        >
          <div
            class="m-list-item-title"
          >
            最小值-10，最大值10
          </div>
        </div>
        <div
          class="m-list-item-content"
        >
          <div
            class="m-stepper"
          >
            <div
              class="m-stepper-button m-stepper-button-reduce"
            />
            <div
              class="m-stepper-number"
            >
              <input
                max="10"
                min="-10"
                step="1"
                type="number"
                value="4"
              />
            </div>
            <div
              class="m-stepper-button m-stepper-button-add"
            />
          </div>
        </div>
      </div>
    </div>
    <div
      class="m-list-item m-list-item-right"
    >
      <div
        class="m-list-item-inner"
      >
        <div
          class="m-list-item-label"
        >
          <div
            class="m-list-item-title"
          >
            步数2, 只允许输入整数
          </div>
        </div>
        <div
          class="m-list-item-content"
        >
          <div
            class="m-stepper"
          >
            <div
              class="m-stepper-button m-stepper-button-reduce"
            />
            <div
              class="m-stepper-number"
            >
              <input
                max="9007199254740991"
                min="-9007199254740991"
                step="2"
                type="number"
                value="0"
              />
            </div>
            <div
              class="m-stepper-button m-stepper-button-add"
            />
          </div>
        </div>
      </div>
    </div>
    <div
      class="m-list-item m-list-item-right"
    >
      <div
        class="m-list-item-inner"
      >
        <div
          class="m-list-item-label"
        >
          <div
            class="m-list-item-title"
          >
            步数1.3
          </div>
        </div>
        <div
          class="m-list-item-content"
        >
          <div
            class="m-stepper"
          >
            <div
              class="m-stepper-button m-stepper-button-reduce"
            />
            <div
              class="m-stepper-number"
            >
              <input
                max="9007199254740991"
                min="-9007199254740991"
                step="1.3"
                type="number"
                value="0"
              />
            </div>
            <div
              class="m-stepper-button m-stepper-button-add"
            />
          </div>
        </div>
      </div>
    </div>
  </div>
</div>
`;
