// Jest Snapshot v1, https://goo.gl/fbAQLP

exports[`renders ./components/button/demo/basic.md correctly 1`] = `
<div
  class="button-list"
>
  <button
    class="m-button"
    type="button"
  >
    <div
      class="m-button-inner"
    >
      <span>
        Default
      </span>
    </div>
  </button>
  <button
    class="m-button"
    disabled=""
    type="button"
  >
    <div
      class="m-button-inner"
    >
      <span>
        Default Disabled
      </span>
    </div>
  </button>
  <button
    class="m-button m-button-primary"
    type="button"
  >
    <div
      class="m-button-inner"
    >
      <span>
        Primary
      </span>
    </div>
  </button>
  <button
    class="m-button m-button-primary"
    disabled=""
    type="button"
  >
    <div
      class="m-button-inner"
    >
      <span>
        Primary Disabled
      </span>
    </div>
  </button>
  <button
    class="m-button m-button-dashed"
    type="button"
  >
    <div
      class="m-button-inner"
    >
      <span>
        Dashed
      </span>
    </div>
  </button>
  <button
    class="m-button m-button-dashed"
    disabled=""
    type="button"
  >
    <div
      class="m-button-inner"
    >
      <span>
        Dashed Disabled
      </span>
    </div>
  </button>
  <button
    class="m-button m-button-danger"
    type="button"
  >
    <div
      class="m-button-inner"
    >
      <span>
        Danger
      </span>
    </div>
  </button>
  <button
    class="m-button m-button-danger"
    disabled=""
    type="button"
  >
    <div
      class="m-button-inner"
    >
      <span>
        Danger Disabled
      </span>
    </div>
  </button>
</div>
`;

exports[`renders ./components/button/demo/icon.md correctly 1`] = `
<div
  class="button-list"
>
  <button
    class="m-button m-button-primary m-button-icon"
    type="button"
  >
    <div
      class="m-button-inner"
    >
      <i
        class="m-icon m-icon-search"
      >
        <svg
          aria-hidden="true"
          class=""
          data-icon="search"
          fill="currentColor"
          height="1em"
          viewBox="0 0 1024 1024"
          width="1em"
          xmlns="http://www.w3.org/2000/svg"
        >
          <path
            d="M949.5 898.5L743.8 692.9C798.9 626.4 832 541.1 832 448c0-212.1-171.9-384-384-384S64 235.9 64 448s171.9 384 384 384c93.1 0 178.4-33.1 244.9-88.2l205.7 205.7c7 7 16.2 10.5 25.5 10.5s18.4-3.5 25.5-10.5c13.9-14.1 13.9-36.9-.1-51zm-380.1-163C531 751.8 490.2 760 448 760s-83-8.2-121.4-24.5c-37.1-15.7-70.5-38.2-99.2-66.9-28.7-28.7-51.2-62.1-66.9-99.2C144.2 531 136 490.2 136 448s8.2-83 24.5-121.4c15.7-37.1 38.2-70.5 66.9-99.2 28.7-28.7 62.1-51.2 99.2-66.9C365 144.2 405.8 136 448 136s83 8.2 121.4 24.5c37.1 15.7 70.5 38.2 99.2 66.9 28.7 28.7 51.2 62.1 66.9 99.2C751.8 365 760 405.8 760 448s-8.2 83-24.5 121.4c-15.7 37.1-38.2 70.5-66.9 99.2-28.7 28.7-62 51.2-99.2 66.9z"
          />
        </svg>
      </i>
      <span>
        Search
      </span>
    </div>
  </button>
  <button
    class="m-button m-button-primary m-button-inline m-button-icon"
    type="button"
  >
    <div
      class="m-button-inner"
    >
      <i
        class="m-icon m-icon-search"
      >
        <svg
          aria-hidden="true"
          class=""
          data-icon="search"
          fill="currentColor"
          height="1em"
          viewBox="0 0 1024 1024"
          width="1em"
          xmlns="http://www.w3.org/2000/svg"
        >
          <path
            d="M949.5 898.5L743.8 692.9C798.9 626.4 832 541.1 832 448c0-212.1-171.9-384-384-384S64 235.9 64 448s171.9 384 384 384c93.1 0 178.4-33.1 244.9-88.2l205.7 205.7c7 7 16.2 10.5 25.5 10.5s18.4-3.5 25.5-10.5c13.9-14.1 13.9-36.9-.1-51zm-380.1-163C531 751.8 490.2 760 448 760s-83-8.2-121.4-24.5c-37.1-15.7-70.5-38.2-99.2-66.9-28.7-28.7-51.2-62.1-66.9-99.2C144.2 531 136 490.2 136 448s8.2-83 24.5-121.4c15.7-37.1 38.2-70.5 66.9-99.2 28.7-28.7 62.1-51.2 99.2-66.9C365 144.2 405.8 136 448 136s83 8.2 121.4 24.5c37.1 15.7 70.5 38.2 99.2 66.9 28.7 28.7 51.2 62.1 66.9 99.2C751.8 365 760 405.8 760 448s-8.2 83-24.5 121.4c-15.7 37.1-38.2 70.5-66.9 99.2-28.7 28.7-62 51.2-99.2 66.9z"
          />
        </svg>
      </i>
      <span>
        Search
      </span>
    </div>
  </button>
  <button
    class="m-button m-button-primary m-button-circle m-button-inline m-button-icon"
    type="button"
  >
    <div
      class="m-button-inner"
    >
      <i
        class="m-icon m-icon-search"
      >
        <svg
          aria-hidden="true"
          class=""
          data-icon="search"
          fill="currentColor"
          height="1em"
          viewBox="0 0 1024 1024"
          width="1em"
          xmlns="http://www.w3.org/2000/svg"
        >
          <path
            d="M949.5 898.5L743.8 692.9C798.9 626.4 832 541.1 832 448c0-212.1-171.9-384-384-384S64 235.9 64 448s171.9 384 384 384c93.1 0 178.4-33.1 244.9-88.2l205.7 205.7c7 7 16.2 10.5 25.5 10.5s18.4-3.5 25.5-10.5c13.9-14.1 13.9-36.9-.1-51zm-380.1-163C531 751.8 490.2 760 448 760s-83-8.2-121.4-24.5c-37.1-15.7-70.5-38.2-99.2-66.9-28.7-28.7-51.2-62.1-66.9-99.2C144.2 531 136 490.2 136 448s8.2-83 24.5-121.4c15.7-37.1 38.2-70.5 66.9-99.2 28.7-28.7 62.1-51.2 99.2-66.9C365 144.2 405.8 136 448 136s83 8.2 121.4 24.5c37.1 15.7 70.5 38.2 99.2 66.9 28.7 28.7 51.2 62.1 66.9 99.2C751.8 365 760 405.8 760 448s-8.2 83-24.5 121.4c-15.7 37.1-38.2 70.5-66.9 99.2-28.7 28.7-62 51.2-99.2 66.9z"
          />
        </svg>
      </i>
    </div>
  </button>
  <button
    class="m-button m-button-dashed m-button-circle m-button-inline m-button-icon"
    type="button"
  >
    <div
      class="m-button-inner"
    >
      <i
        class="m-icon m-icon-search"
      >
        <svg
          aria-hidden="true"
          class=""
          data-icon="search"
          fill="currentColor"
          height="1em"
          viewBox="0 0 1024 1024"
          width="1em"
          xmlns="http://www.w3.org/2000/svg"
        >
          <path
            d="M949.5 898.5L743.8 692.9C798.9 626.4 832 541.1 832 448c0-212.1-171.9-384-384-384S64 235.9 64 448s171.9 384 384 384c93.1 0 178.4-33.1 244.9-88.2l205.7 205.7c7 7 16.2 10.5 25.5 10.5s18.4-3.5 25.5-10.5c13.9-14.1 13.9-36.9-.1-51zm-380.1-163C531 751.8 490.2 760 448 760s-83-8.2-121.4-24.5c-37.1-15.7-70.5-38.2-99.2-66.9-28.7-28.7-51.2-62.1-66.9-99.2C144.2 531 136 490.2 136 448s8.2-83 24.5-121.4c15.7-37.1 38.2-70.5 66.9-99.2 28.7-28.7 62.1-51.2 99.2-66.9C365 144.2 405.8 136 448 136s83 8.2 121.4 24.5c37.1 15.7 70.5 38.2 99.2 66.9 28.7 28.7 51.2 62.1 66.9 99.2C751.8 365 760 405.8 760 448s-8.2 83-24.5 121.4c-15.7 37.1-38.2 70.5-66.9 99.2-28.7 28.7-62 51.2-99.2 66.9z"
          />
        </svg>
      </i>
    </div>
  </button>
  <button
    class="m-button m-button-primary m-button-sm m-button-circle m-button-inline m-button-icon"
    type="button"
  >
    <div
      class="m-button-inner"
    >
      <i
        class="m-icon m-icon-search"
      >
        <svg
          aria-hidden="true"
          class=""
          data-icon="search"
          fill="currentColor"
          height="1em"
          viewBox="0 0 1024 1024"
          width="1em"
          xmlns="http://www.w3.org/2000/svg"
        >
          <path
            d="M949.5 898.5L743.8 692.9C798.9 626.4 832 541.1 832 448c0-212.1-171.9-384-384-384S64 235.9 64 448s171.9 384 384 384c93.1 0 178.4-33.1 244.9-88.2l205.7 205.7c7 7 16.2 10.5 25.5 10.5s18.4-3.5 25.5-10.5c13.9-14.1 13.9-36.9-.1-51zm-380.1-163C531 751.8 490.2 760 448 760s-83-8.2-121.4-24.5c-37.1-15.7-70.5-38.2-99.2-66.9-28.7-28.7-51.2-62.1-66.9-99.2C144.2 531 136 490.2 136 448s8.2-83 24.5-121.4c15.7-37.1 38.2-70.5 66.9-99.2 28.7-28.7 62.1-51.2 99.2-66.9C365 144.2 405.8 136 448 136s83 8.2 121.4 24.5c37.1 15.7 70.5 38.2 99.2 66.9 28.7 28.7 51.2 62.1 66.9 99.2C751.8 365 760 405.8 760 448s-8.2 83-24.5 121.4c-15.7 37.1-38.2 70.5-66.9 99.2-28.7 28.7-62 51.2-99.2 66.9z"
          />
        </svg>
      </i>
    </div>
  </button>
</div>
`;

exports[`renders ./components/button/demo/loading.md correctly 1`] = `
<div
  class="button-list"
>
  <button
    class="m-button m-button-primary m-button-loading m-button-icon"
    type="button"
  >
    <div
      class="m-button-inner"
    >
      <i
        class="m-icon m-icon-loading"
      >
        <svg
          aria-hidden="true"
          class="m-icon-spin"
          data-icon="loading"
          fill="currentColor"
          height="1em"
          viewBox="0 0 1024 1024"
          width="1em"
          xmlns="http://www.w3.org/2000/svg"
        >
          <path
            d="M512 1024c-69.1 0-136.2-13.5-199.3-40.2C251.7 958 197 921 150 874c-47-47-84-101.7-109.8-162.7C13.5 648.2 0 581.1 0 512c0-19.9 16.1-36 36-36s36 16.1 36 36c0 59.4 11.6 117 34.6 171.3 22.2 52.4 53.9 99.5 94.3 139.9 40.4 40.4 87.5 72.2 139.9 94.3C395 940.4 452.6 952 512 952c59.4 0 117-11.6 171.3-34.6 52.4-22.2 99.5-53.9 139.9-94.3 40.4-40.4 72.2-87.5 94.3-139.9C940.4 629 952 571.4 952 512c0-59.4-11.6-117-34.6-171.3-22.2-52.4-53.9-99.4-94.3-139.9-40.4-40.4-87.5-72.2-139.9-94.3C629 83.6 571.4 72 512 72c-19.9 0-36-16.1-36-36s16.1-36 36-36c69.1 0 136.2 13.5 199.3 40.2C772.3 66 827 103 874 150c47 47 83.9 101.8 109.7 162.7 26.7 63.1 40.2 130.2 40.2 199.3s-13.5 136.2-40.2 199.3C958 772.3 921 827 874 874c-47 47-101.8 83.9-162.7 109.7-63.1 26.8-130.2 40.3-199.3 40.3z"
          />
        </svg>
      </i>
      <span>
        Loading
      </span>
    </div>
  </button>
  <button
    class="m-button m-button-primary m-button-sm m-button-loading m-button-icon"
    type="button"
  >
    <div
      class="m-button-inner"
    >
      <i
        class="m-icon m-icon-loading"
      >
        <svg
          aria-hidden="true"
          class="m-icon-spin"
          data-icon="loading"
          fill="currentColor"
          height="1em"
          viewBox="0 0 1024 1024"
          width="1em"
          xmlns="http://www.w3.org/2000/svg"
        >
          <path
            d="M512 1024c-69.1 0-136.2-13.5-199.3-40.2C251.7 958 197 921 150 874c-47-47-84-101.7-109.8-162.7C13.5 648.2 0 581.1 0 512c0-19.9 16.1-36 36-36s36 16.1 36 36c0 59.4 11.6 117 34.6 171.3 22.2 52.4 53.9 99.5 94.3 139.9 40.4 40.4 87.5 72.2 139.9 94.3C395 940.4 452.6 952 512 952c59.4 0 117-11.6 171.3-34.6 52.4-22.2 99.5-53.9 139.9-94.3 40.4-40.4 72.2-87.5 94.3-139.9C940.4 629 952 571.4 952 512c0-59.4-11.6-117-34.6-171.3-22.2-52.4-53.9-99.4-94.3-139.9-40.4-40.4-87.5-72.2-139.9-94.3C629 83.6 571.4 72 512 72c-19.9 0-36-16.1-36-36s16.1-36 36-36c69.1 0 136.2 13.5 199.3 40.2C772.3 66 827 103 874 150c47 47 83.9 101.8 109.7 162.7 26.7 63.1 40.2 130.2 40.2 199.3s-13.5 136.2-40.2 199.3C958 772.3 921 827 874 874c-47 47-101.8 83.9-162.7 109.7-63.1 26.8-130.2 40.3-199.3 40.3z"
          />
        </svg>
      </i>
      <span>
        Loading
      </span>
    </div>
  </button>
  <button
    class="m-button m-button-primary m-button-inline"
    type="button"
  >
    <div
      class="m-button-inner"
    >
      <span>
        Click me!
      </span>
    </div>
  </button>
  <button
    class="m-button m-button-primary m-button-inline m-button-icon"
    type="button"
  >
    <div
      class="m-button-inner"
    >
      <i
        class="m-icon m-icon-poweroff"
      >
        <svg
          aria-hidden="true"
          class=""
          data-icon="poweroff"
          fill="currentColor"
          height="1em"
          viewBox="0 0 1024 1024"
          width="1em"
          xmlns="http://www.w3.org/2000/svg"
        >
          <path
            d="M512 384c19.9 0 36-16.1 36-36V36c0-19.9-16.1-36-36-36s-36 16.1-36 36v312c0 19.9 16.1 36 36 36z"
          />
          <path
            d="M512 1024c-69.1 0-136.2-13.5-199.3-40.2C251.7 958 197 921 150 874c-47-47-84-101.7-109.8-162.7C13.5 648.2 0 581.1 0 512c0-81.3 18.5-159.1 55-231.2 34.8-68.7 85.7-129.7 147.2-176.5 15.8-12 38.4-9 50.4 6.8s9 38.4-6.8 50.4c-52.8 40.2-96.6 92.7-126.5 151.7C87.9 375.3 72 442.1 72 512c0 59.4 11.6 117 34.6 171.3 22.2 52.4 53.9 99.5 94.3 139.9 40.4 40.4 87.5 72.2 139.9 94.3C395 940.4 452.6 952 512 952c59.4 0 117-11.6 171.3-34.6 52.4-22.2 99.5-53.9 139.9-94.3 40.4-40.4 72.2-87.5 94.3-139.9C940.4 629 952 571.4 952 512c0-69.9-15.9-136.7-47.3-198.6-29.9-59.1-73.7-111.5-126.5-151.7-15.8-12-18.9-34.6-6.8-50.4 12-15.8 34.6-18.9 50.4-6.8C883.2 151.3 934.1 212.3 969 281c36.5 72.1 55 149.8 55 231.2 0 69.1-13.5 136.2-40.2 199.3C958 772.3 921 827 874 874s-101.8 83.9-162.7 109.7c-63.1 26.8-130.2 40.3-199.3 40.3z"
          />
        </svg>
      </i>
      <span>
        Click me!
      </span>
    </div>
  </button>
  <br />
  <button
    class="m-button m-button-primary m-button-sm m-button-circle m-button-inline m-button-loading m-button-icon"
    type="button"
  >
    <div
      class="m-button-inner"
    >
      <i
        class="m-icon m-icon-loading"
      >
        <svg
          aria-hidden="true"
          class="m-icon-spin"
          data-icon="loading"
          fill="currentColor"
          height="1em"
          viewBox="0 0 1024 1024"
          width="1em"
          xmlns="http://www.w3.org/2000/svg"
        >
          <path
            d="M512 1024c-69.1 0-136.2-13.5-199.3-40.2C251.7 958 197 921 150 874c-47-47-84-101.7-109.8-162.7C13.5 648.2 0 581.1 0 512c0-19.9 16.1-36 36-36s36 16.1 36 36c0 59.4 11.6 117 34.6 171.3 22.2 52.4 53.9 99.5 94.3 139.9 40.4 40.4 87.5 72.2 139.9 94.3C395 940.4 452.6 952 512 952c59.4 0 117-11.6 171.3-34.6 52.4-22.2 99.5-53.9 139.9-94.3 40.4-40.4 72.2-87.5 94.3-139.9C940.4 629 952 571.4 952 512c0-59.4-11.6-117-34.6-171.3-22.2-52.4-53.9-99.4-94.3-139.9-40.4-40.4-87.5-72.2-139.9-94.3C629 83.6 571.4 72 512 72c-19.9 0-36-16.1-36-36s16.1-36 36-36c69.1 0 136.2 13.5 199.3 40.2C772.3 66 827 103 874 150c47 47 83.9 101.8 109.7 162.7 26.7 63.1 40.2 130.2 40.2 199.3s-13.5 136.2-40.2 199.3C958 772.3 921 827 874 874c-47 47-101.8 83.9-162.7 109.7-63.1 26.8-130.2 40.3-199.3 40.3z"
          />
        </svg>
      </i>
    </div>
  </button>
  <button
    class="m-button m-button-sm m-button-circle m-button-inline m-button-loading m-button-icon"
    type="button"
  >
    <div
      class="m-button-inner"
    >
      <i
        class="m-icon m-icon-loading"
      >
        <svg
          aria-hidden="true"
          class="m-icon-spin"
          data-icon="loading"
          fill="currentColor"
          height="1em"
          viewBox="0 0 1024 1024"
          width="1em"
          xmlns="http://www.w3.org/2000/svg"
        >
          <path
            d="M512 1024c-69.1 0-136.2-13.5-199.3-40.2C251.7 958 197 921 150 874c-47-47-84-101.7-109.8-162.7C13.5 648.2 0 581.1 0 512c0-19.9 16.1-36 36-36s36 16.1 36 36c0 59.4 11.6 117 34.6 171.3 22.2 52.4 53.9 99.5 94.3 139.9 40.4 40.4 87.5 72.2 139.9 94.3C395 940.4 452.6 952 512 952c59.4 0 117-11.6 171.3-34.6 52.4-22.2 99.5-53.9 139.9-94.3 40.4-40.4 72.2-87.5 94.3-139.9C940.4 629 952 571.4 952 512c0-59.4-11.6-117-34.6-171.3-22.2-52.4-53.9-99.4-94.3-139.9-40.4-40.4-87.5-72.2-139.9-94.3C629 83.6 571.4 72 512 72c-19.9 0-36-16.1-36-36s16.1-36 36-36c69.1 0 136.2 13.5 199.3 40.2C772.3 66 827 103 874 150c47 47 83.9 101.8 109.7 162.7 26.7 63.1 40.2 130.2 40.2 199.3s-13.5 136.2-40.2 199.3C958 772.3 921 827 874 874c-47 47-101.8 83.9-162.7 109.7-63.1 26.8-130.2 40.3-199.3 40.3z"
          />
        </svg>
      </i>
    </div>
  </button>
</div>
`;
