// Jest Snapshot v1, https://goo.gl/fbAQLP

exports[`modo dist files exports modules correctly 1`] = `
Array [
  "Button",
  "Icon",
  "NoticeBar",
  "Agree",
  "List",
  "ActivityIndicator",
  "version",
]
`;
